// Jest Snapshot v1, https://goo.gl/fbAQLP

exports[`getAllProfileUrlLocales should match snapshot 1`] = `/\\^\\(\\?:\\[a-zA-Z\\]\\{2\\}-\\[a-zA-Z\\]\\{2\\}\\)\\$/i`;
